Archive member included to satisfy reference by file (symbol)

c:/devkitPro/Projects/MineCraft/tonclib/lib\libtonc.a(tonc_input.o)
                              MineCraft.o (key_poll)
c:/devkitPro/Projects/MineCraft/tonclib/lib\libtonc.a(tonc_bios.o)
                              c:/devkitPro/Projects/MineCraft/tonclib/lib\libtonc.a(tonc_input.o) (VBlankIntrWait)
c:/devkitpro/devkitarm/bin/../lib/gcc/arm-none-eabi/5.3.0/../../../../arm-none-eabi/lib/thumb\libc.a(lib_a-init.o)
                              c:/devkitpro/devkitarm/bin/../lib/gcc/arm-none-eabi/5.3.0/../../../../arm-none-eabi/lib/thumb/gba_crt0.o (__libc_init_array)
c:/devkitpro/devkitarm/bin/../lib/gcc/arm-none-eabi/5.3.0/../../../../arm-none-eabi/lib/thumb\libsysbase.a(malloc_vars.o)
                              c:/devkitpro/devkitarm/bin/../lib/gcc/arm-none-eabi/5.3.0/../../../../arm-none-eabi/lib/thumb/gba_crt0.o (fake_heap_end)

Discarded input sections

 .text          0x00000000        0x0 c:/devkitpro/devkitarm/bin/../lib/gcc/arm-none-eabi/5.3.0/../../../../arm-none-eabi/lib/thumb/gba_crt0.o
 .data          0x00000000        0x0 c:/devkitpro/devkitarm/bin/../lib/gcc/arm-none-eabi/5.3.0/../../../../arm-none-eabi/lib/thumb/gba_crt0.o
 .bss           0x00000000        0x0 c:/devkitpro/devkitarm/bin/../lib/gcc/arm-none-eabi/5.3.0/../../../../arm-none-eabi/lib/thumb/gba_crt0.o
 .text          0x00000000        0x0 c:/devkitpro/devkitarm/bin/../lib/gcc/arm-none-eabi/5.3.0/thumb/crti.o
 .data          0x00000000        0x0 c:/devkitpro/devkitarm/bin/../lib/gcc/arm-none-eabi/5.3.0/thumb/crti.o
 .bss           0x00000000        0x0 c:/devkitpro/devkitarm/bin/../lib/gcc/arm-none-eabi/5.3.0/thumb/crti.o
 .data          0x00000000        0x4 c:/devkitpro/devkitarm/bin/../lib/gcc/arm-none-eabi/5.3.0/thumb/crtbegin.o
 .text          0x00000000        0x0 page_pic.o
 .data          0x00000000        0x0 page_pic.o
 .bss           0x00000000        0x0 page_pic.o
 .rodata        0x00000000     0x1220 page_pic.o
 .text          0x00000000       0x20 toolbox.o
 .bss           0x00000000        0x4 toolbox.o
 .text          0x00000000        0x0 MineCraft.o
 .data          0x00000000        0x0 MineCraft.o
 .bss           0x00000000        0x0 MineCraft.o
 .data          0x00000000        0x0 c:/devkitPro/Projects/MineCraft/tonclib/lib\libtonc.a(tonc_bios.o)
 .bss           0x00000000        0x0 c:/devkitPro/Projects/MineCraft/tonclib/lib\libtonc.a(tonc_bios.o)
 .text          0x00000000        0x0 c:/devkitpro/devkitarm/bin/../lib/gcc/arm-none-eabi/5.3.0/../../../../arm-none-eabi/lib/thumb\libc.a(lib_a-init.o)
 .data          0x00000000        0x0 c:/devkitpro/devkitarm/bin/../lib/gcc/arm-none-eabi/5.3.0/../../../../arm-none-eabi/lib/thumb\libc.a(lib_a-init.o)
 .bss           0x00000000        0x0 c:/devkitpro/devkitarm/bin/../lib/gcc/arm-none-eabi/5.3.0/../../../../arm-none-eabi/lib/thumb\libc.a(lib_a-init.o)
 .text          0x00000000        0x0 c:/devkitpro/devkitarm/bin/../lib/gcc/arm-none-eabi/5.3.0/../../../../arm-none-eabi/lib/thumb\libsysbase.a(malloc_vars.o)
 .data          0x00000000        0x0 c:/devkitpro/devkitarm/bin/../lib/gcc/arm-none-eabi/5.3.0/../../../../arm-none-eabi/lib/thumb\libsysbase.a(malloc_vars.o)
 .text          0x00000000        0x0 c:/devkitpro/devkitarm/bin/../lib/gcc/arm-none-eabi/5.3.0/thumb/crtend.o
 .data          0x00000000        0x0 c:/devkitpro/devkitarm/bin/../lib/gcc/arm-none-eabi/5.3.0/thumb/crtend.o
 .bss           0x00000000        0x0 c:/devkitpro/devkitarm/bin/../lib/gcc/arm-none-eabi/5.3.0/thumb/crtend.o
 .text          0x00000000        0x0 c:/devkitpro/devkitarm/bin/../lib/gcc/arm-none-eabi/5.3.0/thumb/crtn.o
 .data          0x00000000        0x0 c:/devkitpro/devkitarm/bin/../lib/gcc/arm-none-eabi/5.3.0/thumb/crtn.o
 .bss           0x00000000        0x0 c:/devkitpro/devkitarm/bin/../lib/gcc/arm-none-eabi/5.3.0/thumb/crtn.o

Memory Configuration

Name             Origin             Length             Attributes
rom              0x08000000         0x02000000
iwram            0x03000000         0x00008000
ewram            0x02000000         0x00040000
*default*        0x00000000         0xffffffff

Linker script and memory map

                0x08000000                __text_start = ORIGIN (rom)
                0x02040000                __eheap_end = (ORIGIN (ewram) + 0x40000)
                0x03000000                __iwram_start = ORIGIN (iwram)
                0x03008000                __iwram_top = (ORIGIN (iwram) + 0x8000)
                0x03007fa0                __sp_irq = (__iwram_top - 0x60)
                0x03007f00                __sp_usr = (__sp_irq - 0xa0)
                0x03007ff8                __irq_flags = 0x3007ff8
                0x08000000                . = __text_start

.init           0x08000000      0x21c
 *(.init)
 .init          0x08000000      0x210 c:/devkitpro/devkitarm/bin/../lib/gcc/arm-none-eabi/5.3.0/../../../../arm-none-eabi/lib/thumb/gba_crt0.o
                0x08000000                _start
                0x080000c4                __boot_method
                0x080000c5                __slave_number
                0x080000e0                start_vector
 .init          0x08000210        0x4 c:/devkitpro/devkitarm/bin/../lib/gcc/arm-none-eabi/5.3.0/thumb/crti.o
                0x08000210                _init
 .init          0x08000214        0x8 c:/devkitpro/devkitarm/bin/../lib/gcc/arm-none-eabi/5.3.0/thumb/crtn.o
                0x0800021c                . = ALIGN (0x4)

.plt            0x0800021c        0x0
 *(.plt)
                0x0800021c                . = ALIGN (0x4)

.text           0x0800021c      0x2b8
 *(EXCLUDE_FILE(*.iwram*) .text)
 .text          0x0800021c       0xd4 c:/devkitpro/devkitarm/bin/../lib/gcc/arm-none-eabi/5.3.0/thumb/crtbegin.o
 .text          0x080002f0       0xac c:/devkitPro/Projects/MineCraft/tonclib/lib\libtonc.a(tonc_input.o)
                0x080002f0                key_poll
                0x08000348                key_wait_till_hit
                0x0800036c                key_repeat
                0x08000378                key_repeat_mask
                0x08000388                key_repeat_limits
 .text          0x0800039c       0x8c c:/devkitPro/Projects/MineCraft/tonclib/lib\libtonc.a(tonc_bios.o)
                0x0800039c                SoftReset
                0x080003a0                RegisterRamReset
                0x080003a4                Halt
                0x080003a8                Stop
                0x080003ac                IntrWait
                0x080003b0                VBlankIntrWait
                0x080003b4                Div
                0x080003b8                DivArm
                0x080003bc                Sqrt
                0x080003c0                ArcTan
                0x080003c4                ArcTan2
                0x080003c8                CpuSet
                0x080003cc                CpuFastSet
                0x080003d0                BiosCheckSum
                0x080003d4                BgAffineSet
                0x080003d8                ObjAffineSet
                0x080003dc                BitUnPack
                0x080003e0                LZ77UnCompWram
                0x080003e4                LZ77UnCompVram
                0x080003e8                HuffUnComp
                0x080003ec                RLUnCompWram
                0x080003f0                RLUnCompVram
                0x080003f4                Diff8bitUnFilterWram
                0x080003f8                Diff8bitUnFilterVram
                0x080003fc                Diff16bitUnFilter
                0x08000400                SoundBias
                0x08000404                SoundDriverInit
                0x08000408                SoundDriverMode
                0x0800040c                SoundDriverMain
                0x08000410                SoundDriverVSync
                0x08000414                SoundChannelClear
                0x08000418                MidiKey2Freq
                0x0800041c                MultiBoot
                0x08000420                SoundDriverVSyncOff
                0x08000424                SoundDriverVSyncOn
 *(.text .stub .text.* .gnu.linkonce.t.*)
 .text.startup  0x08000428       0x54 MineCraft.o
                0x08000428                main
 .text.__libc_init_array
                0x0800047c       0x58 c:/devkitpro/devkitarm/bin/../lib/gcc/arm-none-eabi/5.3.0/../../../../arm-none-eabi/lib/thumb\libc.a(lib_a-init.o)
                0x0800047c                __libc_init_array
 *(.text.*personality*)
 *(.gnu.warning)
 *(.glue_7t)
 .glue_7t       0x080004d4        0x0 linker stubs
 *(.glue_7)
 .glue_7        0x080004d4        0x0 linker stubs
 *(.vfp11_veneer)
 .vfp11_veneer  0x080004d4        0x0 linker stubs
                0x080004d4                . = ALIGN (0x4)
                0x080004d4                __text_end = .

.v4_bx          0x080004d4        0x0
 .v4_bx         0x080004d4        0x0 linker stubs

.iplt           0x080004d4        0x0
 .iplt          0x080004d4        0x0 c:/devkitpro/devkitarm/bin/../lib/gcc/arm-none-eabi/5.3.0/../../../../arm-none-eabi/lib/thumb/gba_crt0.o

.fini           0x080004d4        0xc
 *(.fini)
 .fini          0x080004d4        0x4 c:/devkitpro/devkitarm/bin/../lib/gcc/arm-none-eabi/5.3.0/thumb/crti.o
                0x080004d4                _fini
 .fini          0x080004d8        0x8 c:/devkitpro/devkitarm/bin/../lib/gcc/arm-none-eabi/5.3.0/thumb/crtn.o
                0x080004e0                . = ALIGN (0x4)

.rodata         0x080004e0        0x0
 *(.rodata)
 *all.rodata*(*)
 *(.roda)
 *(.rodata.*)
 *(.gnu.linkonce.r*)
                0x080004e0                . = ALIGN (0x4)

.ARM.extab
 *(.ARM.extab* .gnu.linkonce.armextab.*)
                0x080004e0                __exidx_start = .

.ARM.exidx
 *(.ARM.exidx* .gnu.linkonce.armexidx.*)
                0x080004e0                __exidx_end = .

.ctors          0x080004e0        0x0
 *crtbegin.o(.ctors)
 *(EXCLUDE_FILE(*crtend.o) .ctors)
 *(SORT(.ctors.*))
 *(.ctors)
                0x080004e0                . = ALIGN (0x4)

.dtors          0x080004e0        0x0
 *crtbegin.o(.dtors)
 *(EXCLUDE_FILE(*crtend.o) .dtors)
 *(SORT(.dtors.*))
 *(.dtors)
                0x080004e0                . = ALIGN (0x4)

.eh_frame       0x080004e0        0x4
 *(.eh_frame)
 .eh_frame      0x080004e0        0x0 c:/devkitpro/devkitarm/bin/../lib/gcc/arm-none-eabi/5.3.0/thumb/crtbegin.o
 .eh_frame      0x080004e0        0x4 c:/devkitpro/devkitarm/bin/../lib/gcc/arm-none-eabi/5.3.0/thumb/crtend.o
                0x080004e4                . = ALIGN (0x4)

.rel.dyn        0x080004e4        0x0
 .rel.iplt      0x080004e4        0x0 c:/devkitpro/devkitarm/bin/../lib/gcc/arm-none-eabi/5.3.0/../../../../arm-none-eabi/lib/thumb/gba_crt0.o

.gcc_except_table
                0x080004e4        0x0
 *(.gcc_except_table)
                0x080004e4                . = ALIGN (0x4)
                0x080004e4                __iwram_lma = .

.iwram          0x03000000        0x0 load address 0x080004e4
                0x03000000                __iwram_start__ = ABSOLUTE (.)
 *(.iwram)
 *iwram.*(.text)
                0x03000000                . = ALIGN (0x4)
                0x03000000                __iwram_end__ = ABSOLUTE (.)
                0x080004e4                __data_lma = (__iwram_lma + SIZEOF (.iwram))

.bss            0x03000000       0x28
                0x03000000                __bss_start = ABSOLUTE (.)
                0x03000000                __bss_start__ = ABSOLUTE (.)
 *(.dynbss)
 *(.gnu.linkonce.b*)
 *(.bss*)
 .bss           0x03000000       0x1c c:/devkitpro/devkitarm/bin/../lib/gcc/arm-none-eabi/5.3.0/thumb/crtbegin.o
 .bss           0x0300001c        0x4 c:/devkitPro/Projects/MineCraft/tonclib/lib\libtonc.a(tonc_input.o)
 .bss           0x03000020        0x8 c:/devkitpro/devkitarm/bin/../lib/gcc/arm-none-eabi/5.3.0/../../../../arm-none-eabi/lib/thumb\libsysbase.a(malloc_vars.o)
                0x03000020                fake_heap_start
                0x03000024                fake_heap_end
 *(COMMON)
                0x03000028                . = ALIGN (0x4)
                0x03000028                __bss_end__ = ABSOLUTE (.)

.data           0x03000028        0xc load address 0x080004e4
                0x03000028                __data_start__ = ABSOLUTE (.)
 *(.data)
 .data          0x03000028        0x4 toolbox.o
                0x03000028                vid_page
 .data          0x0300002c        0x8 c:/devkitPro/Projects/MineCraft/tonclib/lib\libtonc.a(tonc_input.o)
                0x0300002c                __key_rpt
 *(.data.*)
 *(.gnu.linkonce.d*)
                0x03000034                . = ALIGN (0x4)
                0x080004f0                __preinit_lma = (__data_lma + SIZEOF (.data))

.igot.plt       0x03000034        0x0 load address 0x080004f0
 .igot.plt      0x03000034        0x0 c:/devkitpro/devkitarm/bin/../lib/gcc/arm-none-eabi/5.3.0/../../../../arm-none-eabi/lib/thumb/gba_crt0.o

.tm_clone_table
                0x03000034        0x0 load address 0x080004f0
 .tm_clone_table
                0x03000034        0x0 c:/devkitpro/devkitarm/bin/../lib/gcc/arm-none-eabi/5.3.0/thumb/crtbegin.o
 .tm_clone_table
                0x03000034        0x0 c:/devkitpro/devkitarm/bin/../lib/gcc/arm-none-eabi/5.3.0/thumb/crtend.o

.preinit_array  0x03000034        0x0 load address 0x080004f0
                0x03000034                __preinit_array_start = ABSOLUTE (.)
 *(.preinit_array)
                0x03000034                __preinit_array_end = ABSOLUTE (.)
                0x080004f0                __init_lma = (__preinit_lma + SIZEOF (.preinit_array))

.init_array     0x03000034        0x4 load address 0x080004f0
                0x03000034                __init_array_start = ABSOLUTE (.)
 *(SORT(.init_array.*))
 *(.init_array)
 .init_array    0x03000034        0x4 c:/devkitpro/devkitarm/bin/../lib/gcc/arm-none-eabi/5.3.0/thumb/crtbegin.o
                0x03000038                __init_array_end = ABSOLUTE (.)
                0x080004f4                __fini_lma = (__init_lma + SIZEOF (.init_array))

.fini_array     0x03000038        0x4 load address 0x080004f4
                0x03000038                __fini_array_start = ABSOLUTE (.)
 *(SORT(.fini_array.*))
 *(.fini_array)
 .fini_array    0x03000038        0x4 c:/devkitpro/devkitarm/bin/../lib/gcc/arm-none-eabi/5.3.0/thumb/crtbegin.o
                0x0300003c                __fini_array_end = ABSOLUTE (.)
                0x080004f8                __jcr_lma = (__fini_lma + SIZEOF (.fini_array))

.jcr            0x0300003c        0x4 load address 0x080004f8
 *(.jcr)
 .jcr           0x0300003c        0x0 c:/devkitpro/devkitarm/bin/../lib/gcc/arm-none-eabi/5.3.0/thumb/crtbegin.o
 .jcr           0x0300003c        0x4 c:/devkitpro/devkitarm/bin/../lib/gcc/arm-none-eabi/5.3.0/thumb/crtend.o
                0x03000040                __data_end__ = ABSOLUTE (.)
                0x080004fc                __iwram_overlay_lma = (__jcr_lma + SIZEOF (.jcr))
                0x03000040                __iwram_overlay_start = .

.iwram0         0x03000040        0x0 load address 0x080004fc
 *(.iwram0)
                0x03000040                . = ALIGN (0x4)
                0x080004fc                PROVIDE (__load_start_iwram0, LOADADDR (.iwram0))
                0x080004fc                PROVIDE (__load_stop_iwram0, (LOADADDR (.iwram0) + SIZEOF (.iwram0)))

.iwram1         0x03000040        0x0
 *(.iwram1)
                0x03000040                . = ALIGN (0x4)
                [!provide]                PROVIDE (__load_start_iwram1, LOADADDR (.iwram1))
                [!provide]                PROVIDE (__load_stop_iwram1, (LOADADDR (.iwram1) + SIZEOF (.iwram1)))

.iwram2         0x03000040        0x0
 *(.iwram2)
                0x03000040                . = ALIGN (0x4)
                [!provide]                PROVIDE (__load_start_iwram2, LOADADDR (.iwram2))
                [!provide]                PROVIDE (__load_stop_iwram2, (LOADADDR (.iwram2) + SIZEOF (.iwram2)))

.iwram3         0x03000040        0x0
 *(.iwram3)
                0x03000040                . = ALIGN (0x4)
                [!provide]                PROVIDE (__load_start_iwram3, LOADADDR (.iwram3))
                [!provide]                PROVIDE (__load_stop_iwram3, (LOADADDR (.iwram3) + SIZEOF (.iwram3)))

.iwram4         0x03000040        0x0
 *(.iwram4)
                0x03000040                . = ALIGN (0x4)
                [!provide]                PROVIDE (__load_start_iwram4, LOADADDR (.iwram4))
                [!provide]                PROVIDE (__load_stop_iwram4, (LOADADDR (.iwram4) + SIZEOF (.iwram4)))

.iwram5         0x03000040        0x0
 *(.iwram5)
                0x03000040                . = ALIGN (0x4)
                [!provide]                PROVIDE (__load_start_iwram5, LOADADDR (.iwram5))
                [!provide]                PROVIDE (__load_stop_iwram5, (LOADADDR (.iwram5) + SIZEOF (.iwram5)))

.iwram6         0x03000040        0x0
 *(.iwram6)
                0x03000040                . = ALIGN (0x4)
                [!provide]                PROVIDE (__load_start_iwram6, LOADADDR (.iwram6))
                [!provide]                PROVIDE (__load_stop_iwram6, (LOADADDR (.iwram6) + SIZEOF (.iwram6)))

.iwram7         0x03000040        0x0
 *(.iwram7)
                0x03000040                . = ALIGN (0x4)
                [!provide]                PROVIDE (__load_start_iwram7, LOADADDR (.iwram7))
                [!provide]                PROVIDE (__load_stop_iwram7, (LOADADDR (.iwram7) + SIZEOF (.iwram7)))

.iwram8         0x03000040        0x0
 *(.iwram8)
                0x03000040                . = ALIGN (0x4)
                [!provide]                PROVIDE (__load_start_iwram8, LOADADDR (.iwram8))
                [!provide]                PROVIDE (__load_stop_iwram8, (LOADADDR (.iwram8) + SIZEOF (.iwram8)))

.iwram9         0x03000040        0x0
 *(.iwram9)
                0x03000040                . = ALIGN (0x4)
                [!provide]                PROVIDE (__load_start_iwram9, LOADADDR (.iwram9))
                [!provide]                PROVIDE (__load_stop_iwram9, (LOADADDR (.iwram9) + SIZEOF (.iwram9)))
                0x03000040                __iwram_overlay_end = .
                0x080004fc                __ewram_lma = (__iwram_overlay_lma + (__iwram_overlay_end - __iwram_overlay_start))
                0x03000040                __iheap_start = .
                0x02000000                __ewram_start = ORIGIN (ewram)

.ewram          0x02000000        0x0 load address 0x080004fc
 *(.ewram)
                0x02000000                . = ALIGN (0x4)
                0x02000000                __ewram_end = ABSOLUTE (.)
                0x080004fc                __pad_lma = (__ewram_lma + SIZEOF (.ewram))

.sbss           0x02000000        0x0
                0x02000000                __sbss_start__ = ABSOLUTE (.)
 *(.sbss)
                0x02000000                . = ALIGN (0x4)
                0x02000000                __sbss_end__ = ABSOLUTE (.)
                0x02000000                __end__ = ABSOLUTE (.)
                0x02000000                __eheap_start = ABSOLUTE (.)

.pad            0x02000000        0x8 load address 0x080004fc
                0x02000000        0x4 LONG 0x52416b64
                0x02000004        0x4 LONG 0x4d
                0x02000008                . = ALIGN (0x4)
                0x08000504                __rom_end__ = (__pad_lma + SIZEOF (.pad))

.stab
 *(.stab)

.stabstr
 *(.stabstr)

.stab.excl
 *(.stab.excl)

.stab.exclstr
 *(.stab.exclstr)

.stab.index
 *(.stab.index)

.stab.indexstr
 *(.stab.indexstr)

.comment        0x00000000       0x44
 *(.comment)
 .comment       0x00000000       0x22 c:/devkitpro/devkitarm/bin/../lib/gcc/arm-none-eabi/5.3.0/thumb/crtbegin.o
                                 0x23 (size before relaxing)
 .comment       0x00000022       0x23 page_pic.o
 .comment       0x00000022       0x23 toolbox.o
 .comment       0x00000022       0x23 MineCraft.o
 .comment       0x00000022       0x22 c:/devkitPro/Projects/MineCraft/tonclib/lib\libtonc.a(tonc_input.o)
                                 0x23 (size before relaxing)
 .comment       0x00000044       0x23 c:/devkitpro/devkitarm/bin/../lib/gcc/arm-none-eabi/5.3.0/../../../../arm-none-eabi/lib/thumb\libc.a(lib_a-init.o)
 .comment       0x00000044       0x23 c:/devkitpro/devkitarm/bin/../lib/gcc/arm-none-eabi/5.3.0/../../../../arm-none-eabi/lib/thumb\libsysbase.a(malloc_vars.o)
 .comment       0x00000044       0x23 c:/devkitpro/devkitarm/bin/../lib/gcc/arm-none-eabi/5.3.0/thumb/crtend.o

.debug
 *(.debug)

.line
 *(.line)

.debug_srcinfo
 *(.debug_srcinfo)

.debug_sfnames
 *(.debug_sfnames)

.debug_aranges
 *(.debug_aranges)

.debug_pubnames
 *(.debug_pubnames)

.debug_info
 *(.debug_info)

.debug_abbrev
 *(.debug_abbrev)

.debug_line
 *(.debug_line)

.debug_frame
 *(.debug_frame)

.debug_str
 *(.debug_str)

.debug_loc
 *(.debug_loc)

.debug_macinfo
 *(.debug_macinfo)

.debug_weaknames
 *(.debug_weaknames)

.debug_funcnames
 *(.debug_funcnames)

.debug_typenames
 *(.debug_typenames)

.debug_varnames
 *(.debug_varnames)

.stack          0x00080000        0x0
                0x00080000                _stack = .
 *(.stack)

.note.gnu.arm.ident
 *(.note.gnu.arm.ident)

.ARM.attributes
                0x00000000       0x2d
 *(.ARM.attributes)
 .ARM.attributes
                0x00000000       0x16 c:/devkitpro/devkitarm/bin/../lib/gcc/arm-none-eabi/5.3.0/../../../../arm-none-eabi/lib/thumb/gba_crt0.o
 .ARM.attributes
                0x00000016       0x16 c:/devkitpro/devkitarm/bin/../lib/gcc/arm-none-eabi/5.3.0/thumb/crti.o
 .ARM.attributes
                0x0000002c       0x30 c:/devkitpro/devkitarm/bin/../lib/gcc/arm-none-eabi/5.3.0/thumb/crtbegin.o
 .ARM.attributes
                0x0000005c       0x2c page_pic.o
 .ARM.attributes
                0x00000088       0x2c toolbox.o
 .ARM.attributes
                0x000000b4       0x2c MineCraft.o
 .ARM.attributes
                0x000000e0       0x32 c:/devkitPro/Projects/MineCraft/tonclib/lib\libtonc.a(tonc_input.o)
 .ARM.attributes
                0x00000112       0x16 c:/devkitPro/Projects/MineCraft/tonclib/lib\libtonc.a(tonc_bios.o)
 .ARM.attributes
                0x00000128       0x30 c:/devkitpro/devkitarm/bin/../lib/gcc/arm-none-eabi/5.3.0/../../../../arm-none-eabi/lib/thumb\libc.a(lib_a-init.o)
 .ARM.attributes
                0x00000158       0x30 c:/devkitpro/devkitarm/bin/../lib/gcc/arm-none-eabi/5.3.0/../../../../arm-none-eabi/lib/thumb\libsysbase.a(malloc_vars.o)
 .ARM.attributes
                0x00000188       0x30 c:/devkitpro/devkitarm/bin/../lib/gcc/arm-none-eabi/5.3.0/thumb/crtend.o
 .ARM.attributes
                0x000001b8       0x16 c:/devkitpro/devkitarm/bin/../lib/gcc/arm-none-eabi/5.3.0/thumb/crtn.o

/DISCARD/
 *(.note.GNU-stack)
LOAD c:/devkitpro/devkitarm/bin/../lib/gcc/arm-none-eabi/5.3.0/../../../../arm-none-eabi/lib/thumb/gba_crt0.o
LOAD c:/devkitpro/devkitarm/bin/../lib/gcc/arm-none-eabi/5.3.0/thumb/crti.o
LOAD c:/devkitpro/devkitarm/bin/../lib/gcc/arm-none-eabi/5.3.0/thumb/crtbegin.o
LOAD page_pic.o
LOAD toolbox.o
LOAD MineCraft.o
LOAD c:/devkitPro/Projects/MineCraft/tonclib/lib\libtonc.a
LOAD c:/devkitPro/Projects/MineCraft\libgfx.a
LOAD c:/devkitpro/devkitarm/bin/../lib/gcc/arm-none-eabi/5.3.0/../../../../arm-none-eabi/lib/thumb\libstdc++.a
LOAD c:/devkitpro/devkitarm/bin/../lib/gcc/arm-none-eabi/5.3.0/../../../../arm-none-eabi/lib/thumb\libm.a
START GROUP
LOAD c:/devkitpro/devkitarm/bin/../lib/gcc/arm-none-eabi/5.3.0/thumb\libgcc.a
LOAD c:/devkitpro/devkitarm/bin/../lib/gcc/arm-none-eabi/5.3.0/../../../../arm-none-eabi/lib/thumb\libc.a
LOAD c:/devkitpro/devkitarm/bin/../lib/gcc/arm-none-eabi/5.3.0/../../../../arm-none-eabi/lib/thumb\libsysbase.a
END GROUP
LOAD c:/devkitpro/devkitarm/bin/../lib/gcc/arm-none-eabi/5.3.0/thumb/crtend.o
LOAD c:/devkitpro/devkitarm/bin/../lib/gcc/arm-none-eabi/5.3.0/thumb/crtn.o
OUTPUT(c:/devkitPro/Projects/MineCraft/MineCraft.elf elf32-littlearm)
